******************************************************************************
             TMS320C2000 Linker PC v18.12.2                    
******************************************************************************
>> Linked Tue Feb 11 17:46:30 2025

OUTPUT FILE NAME:   <../Droop.out>
ENTRY POINT SYMBOL: "_c_int00"  address: 000840ff


MEMORY CONFIGURATION

         name            origin    length      used     unused   attr    fill
----------------------  --------  ---------  --------  --------  ----  --------
PAGE 0:
  BEGIN                 00000000   00000002  00000000  00000002  RWIX
  RAMLS_PROG            00008000   00002000  0000003b  00001fc5  RWIX
  BEGIN_FLASH           00080000   00000002  00000002  00000000  RWIX
  FLASHA_N              00080002   0003fffe  00004883  0003b77b  RWIX
  RESET                 003fffc0   00000002  00000000  00000002  RWIX

PAGE 1:
  BOOT_RSVD             00000002   00000120  00000000  00000120  RWIX
  RAMM0M1               00000122   000006de  00000200  000004de  RWIX
  ADCA_RESULT           00000b00   00000020  00000018  00000008  RWIX
  ADCB_RESULT           00000b20   00000020  00000018  00000008  RWIX
  ADCC_RESULT           00000b40   00000020  00000018  00000008  RWIX
  ADCD_RESULT           00000b60   00000020  00000018  00000008  RWIX
  CPU_TIMER0            00000c00   00000008  00000008  00000000  RWIX
  CPU_TIMER1            00000c08   00000008  00000008  00000000  RWIX
  CPU_TIMER2            00000c10   00000008  00000008  00000000  RWIX
  PIE_CTRL              00000ce0   00000020  0000001a  00000006  RWIX
  PIE_VECT              00000d00   00000200  000001c0  00000040  RWIX
  DMA                   00001000   00000200  000000e0  00000120  RWIX
  CLA1                  00001400   00000040  0000003e  00000002  RWIX
  CLA1_MSGRAMLOW        00001480   00000080  00000000  00000080  RWIX
  CLA1_MSGRAMHIGH       00001500   00000080  00000000  00000080  RWIX
  EPWM1                 00004000   00000100  00000100  00000000  RWIX
  EPWM2                 00004100   00000100  00000100  00000000  RWIX
  EPWM3                 00004200   00000100  00000100  00000000  RWIX
  EPWM4                 00004300   00000100  00000100  00000000  RWIX
  EPWM5                 00004400   00000100  00000100  00000000  RWIX
  EPWM6                 00004500   00000100  00000100  00000000  RWIX
  EPWM7                 00004600   00000100  00000100  00000000  RWIX
  EPWM8                 00004700   00000100  00000100  00000000  RWIX
  EPWM9                 00004800   00000100  00000100  00000000  RWIX
  EPWM10                00004900   00000100  00000100  00000000  RWIX
  EPWM11                00004a00   00000100  00000100  00000000  RWIX
  EPWM12                00004b00   00000100  00000100  00000000  RWIX
  ECAP1                 00005000   00000020  00000020  00000000  RWIX
  ECAP2                 00005020   00000020  00000020  00000000  RWIX
  ECAP3                 00005040   00000020  00000020  00000000  RWIX
  ECAP4                 00005060   00000020  00000020  00000000  RWIX
  ECAP5                 00005080   00000020  00000020  00000000  RWIX
  ECAP6                 000050a0   00000020  00000020  00000000  RWIX
  EQEP1                 00005100   00000040  00000022  0000001e  RWIX
  EQEP2                 00005140   00000040  00000022  0000001e  RWIX
  EQEP3                 00005180   00000040  00000022  0000001e  RWIX
  DACA                  00005c00   00000010  00000008  00000008  RWIX
  DACB                  00005c10   00000010  00000008  00000008  RWIX
  DACC                  00005c20   00000010  00000008  00000008  RWIX
  CMPSS1                00005c80   00000020  00000020  00000000  RWIX
  CMPSS2                00005ca0   00000020  00000020  00000000  RWIX
  CMPSS3                00005cc0   00000020  00000020  00000000  RWIX
  CMPSS4                00005ce0   00000020  00000020  00000000  RWIX
  CMPSS5                00005d00   00000020  00000020  00000000  RWIX
  CMPSS6                00005d20   00000020  00000020  00000000  RWIX
  CMPSS7                00005d40   00000020  00000020  00000000  RWIX
  CMPSS8                00005d60   00000020  00000020  00000000  RWIX
  SDFM1                 00005e00   00000080  00000080  00000000  RWIX
  SDFM2                 00005e80   00000080  00000080  00000000  RWIX
  MCBSPA                00006000   00000040  00000024  0000001c  RWIX
  MCBSPB                00006040   00000040  00000024  0000001c  RWIX
  SPIA                  00006100   00000010  00000010  00000000  RWIX
  SPIB                  00006110   00000010  00000010  00000000  RWIX
  SPIC                  00006120   00000010  00000010  00000000  RWIX
  SPID                  00006130   00000010  00000000  00000010  RWIX
  UPP                   00006200   00000100  00000048  000000b8  RWIX
  WD                    00007000   00000040  0000002b  00000015  RWIX
  NMIINTRUPT            00007060   00000010  00000007  00000009  RWIX
  XINT                  00007070   00000010  0000000b  00000005  RWIX
  SCIA                  00007200   00000010  00000010  00000000  RWIX
  SCIB                  00007210   00000010  00000010  00000000  RWIX
  SCIC                  00007220   00000010  00000010  00000000  RWIX
  SCID                  00007230   00000010  00000010  00000000  RWIX
  I2CA                  00007300   00000040  00000022  0000001e  RWIX
  I2CB                  00007340   00000040  00000022  0000001e  RWIX
  ADCA                  00007400   00000080  00000080  00000000  RWIX
  ADCB                  00007480   00000080  00000080  00000000  RWIX
  ADCC                  00007500   00000080  00000080  00000000  RWIX
  ADCD                  00007580   00000080  00000080  00000000  RWIX
  INPUT_XBAR            00007900   00000020  00000020  00000000  RWIX
  XBAR                  00007920   00000020  00000020  00000000  RWIX
  SYNC_SOC              00007940   00000010  00000006  0000000a  RWIX
  DMACLASRCSEL          00007980   00000040  0000001a  00000026  RWIX
  EPWM_XBAR             00007a00   00000040  00000040  00000000  RWIX
  CLB_XBAR              00007a40   00000040  00000000  00000040  RWIX
  OUTPUT_XBAR           00007a80   00000040  00000040  00000000  RWIX
  GPIOCTRL              00007c00   00000180  00000180  00000000  RWIX
  GPIODAT               00007f00   00000030  00000030  00000000  RWIX
  RAMLS_DATA            0000a000   00001000  00000000  00001000  RWIX
  RAMD0D1               0000b000   00001000  00000000  00001000  RWIX
  RAMGS_IPCBuffCPU1     0000c000   00001000  00000080  00000f80  RWIX
  RAMGS_IPCBuffCPU2     0000d000   00001000  00000000  00001000  RWIX
  RAMGS_DATA            0000e000   00007000  000068be  00000742  RWIX
  CPU2TOCPU1RAM         0003f800   00000400  00000000  00000400  RWIX
  CPU1TOCPU2RAM         0003fc00   00000400  000001c0  00000240  RWIX
  EMIF1                 00047000   00000800  00000070  00000790  RWIX
  EMIF2                 00047800   00000800  00000070  00000790  RWIX
  IPC                   00050000   00000024  00000024  00000000  RWIX
  FLASHPUMPSEMAPHORE    00050024   00000002  00000002  00000000  RWIX
  DEV_CFG               0005d000   00000180  0000012e  00000052  RWIX
  ANALOG_SUBSYS         0005d180   00000080  00000048  00000038  RWIX
  CLK_CFG               0005d200   00000100  00000032  000000ce  RWIX
  CPU_SYS               0005d300   00000100  00000082  0000007e  RWIX
  ROMPREFETCH           0005e608   00000002  00000002  00000000  RWIX
  DCSM_Z1               0005f000   00000030  00000024  0000000c  RWIX
  DCSM_Z2               0005f040   00000030  00000024  0000000c  RWIX
  DCSM_COMMON           0005f070   00000010  00000008  00000008  RWIX
  MEMCFG                0005f400   00000080  00000080  00000000  RWIX
  EMIF1CONFIG           0005f480   00000020  00000020  00000000  RWIX
  EMIF2CONFIG           0005f4a0   00000020  00000020  00000000  RWIX
  ACCESSPROTECTION      0005f4c0   00000040  00000040  00000000  RWIX
  MEMORYERROR           0005f500   00000040  00000040  00000000  RWIX
  ROMWAITSTATE          0005f540   00000002  00000002  00000000  RWIX
  FLASH0_CTRL           0005f800   00000300  00000182  0000017e  RWIX
  FLASH0_ECC            0005fb00   00000040  00000028  00000018  RWIX
  DCSM_Z1_OTP           00078000   00000020  00000020  00000000  RWIX
  DCSM_Z2_OTP           00078200   00000020  00000020  00000000  RWIX


SECTION ALLOCATION MAP

 output                                  attributes/
section   page    origin      length       input sections
--------  ----  ----------  ----------   ----------------
codestart 
*          0    00080000    00000002     
                  00080000    00000002     F2837xD_CodeStartBranch.obj (codestart)

AdcaResultFile 
*          1    00000b00    00000018     UNINITIALIZED
                  00000b00    00000018     F2837xD_GlobalVariableDefs.obj (AdcaResultFile)

AdcbResultFile 
*          1    00000b20    00000018     UNINITIALIZED
                  00000b20    00000018     F2837xD_GlobalVariableDefs.obj (AdcbResultFile)

AdccResultFile 
*          1    00000b40    00000018     UNINITIALIZED
                  00000b40    00000018     F2837xD_GlobalVariableDefs.obj (AdccResultFile)

AdcdResultFile 
*          1    00000b60    00000018     UNINITIALIZED
                  00000b60    00000018     F2837xD_GlobalVariableDefs.obj (AdcdResultFile)

CpuTimer0RegsFile 
*          1    00000c00    00000008     UNINITIALIZED
                  00000c00    00000008     F2837xD_GlobalVariableDefs.obj (CpuTimer0RegsFile)

CpuTimer1RegsFile 
*          1    00000c08    00000008     UNINITIALIZED
                  00000c08    00000008     F2837xD_GlobalVariableDefs.obj (CpuTimer1RegsFile)

CpuTimer2RegsFile 
*          1    00000c10    00000008     UNINITIALIZED
                  00000c10    00000008     F2837xD_GlobalVariableDefs.obj (CpuTimer2RegsFile)

PieCtrlRegsFile 
*          1    00000ce0    0000001a     UNINITIALIZED
                  00000ce0    0000001a     F2837xD_GlobalVariableDefs.obj (PieCtrlRegsFile)

PieVectTableFile 
*          1    00000d00    000001c0     UNINITIALIZED
                  00000d00    000001c0     F2837xD_GlobalVariableDefs.obj (PieVectTableFile)

EmuKeyVar 
*          1    00000d00    00000001     UNINITIALIZED
                  00000d00    00000001     F2837xD_GlobalVariableDefs.obj (EmuKeyVar)

EmuBModeVar 
*          1    00000d01    00000001     UNINITIALIZED
                  00000d01    00000001     F2837xD_GlobalVariableDefs.obj (EmuBModeVar)

FlashCallbackVar 
*          1    00000d02    00000000     UNINITIALIZED

FlashScalingVar 
*          1    00000d02    00000000     UNINITIALIZED

DmaRegsFile 
*          1    00001000    000000e0     UNINITIALIZED
                  00001000    000000e0     F2837xD_GlobalVariableDefs.obj (DmaRegsFile)

Cla1RegsFile 
*          1    00001400    0000003e     UNINITIALIZED
                  00001400    0000003e     F2837xD_GlobalVariableDefs.obj (Cla1RegsFile)

EPwm1RegsFile 
*          1    00004000    00000100     UNINITIALIZED
                  00004000    00000100     F2837xD_GlobalVariableDefs.obj (EPwm1RegsFile)

EPwm2RegsFile 
*          1    00004100    00000100     UNINITIALIZED
                  00004100    00000100     F2837xD_GlobalVariableDefs.obj (EPwm2RegsFile)

EPwm3RegsFile 
*          1    00004200    00000100     UNINITIALIZED
                  00004200    00000100     F2837xD_GlobalVariableDefs.obj (EPwm3RegsFile)

EPwm4RegsFile 
*          1    00004300    00000100     UNINITIALIZED
                  00004300    00000100     F2837xD_GlobalVariableDefs.obj (EPwm4RegsFile)

EPwm5RegsFile 
*          1    00004400    00000100     UNINITIALIZED
                  00004400    00000100     F2837xD_GlobalVariableDefs.obj (EPwm5RegsFile)

EPwm6RegsFile 
*          1    00004500    00000100     UNINITIALIZED
                  00004500    00000100     F2837xD_GlobalVariableDefs.obj (EPwm6RegsFile)

EPwm7RegsFile 
*          1    00004600    00000100     UNINITIALIZED
                  00004600    00000100     F2837xD_GlobalVariableDefs.obj (EPwm7RegsFile)

EPwm8RegsFile 
*          1    00004700    00000100     UNINITIALIZED
                  00004700    00000100     F2837xD_GlobalVariableDefs.obj (EPwm8RegsFile)

EPwm9RegsFile 
*          1    00004800    00000100     UNINITIALIZED
                  00004800    00000100     F2837xD_GlobalVariableDefs.obj (EPwm9RegsFile)

EPwm10RegsFile 
*          1    00004900    00000100     UNINITIALIZED
                  00004900    00000100     F2837xD_GlobalVariableDefs.obj (EPwm10RegsFile)

EPwm11RegsFile 
*          1    00004a00    00000100     UNINITIALIZED
                  00004a00    00000100     F2837xD_GlobalVariableDefs.obj (EPwm11RegsFile)

EPwm12RegsFile 
*          1    00004b00    00000100     UNINITIALIZED
                  00004b00    00000100     F2837xD_GlobalVariableDefs.obj (EPwm12RegsFile)

ECap1RegsFile 
*          1    00005000    00000020     UNINITIALIZED
                  00005000    00000020     F2837xD_GlobalVariableDefs.obj (ECap1RegsFile)

ECap2RegsFile 
*          1    00005020    00000020     UNINITIALIZED
                  00005020    00000020     F2837xD_GlobalVariableDefs.obj (ECap2RegsFile)

ECap3RegsFile 
*          1    00005040    00000020     UNINITIALIZED
                  00005040    00000020     F2837xD_GlobalVariableDefs.obj (ECap3RegsFile)

ECap4RegsFile 
*          1    00005060    00000020     UNINITIALIZED
                  00005060    00000020     F2837xD_GlobalVariableDefs.obj (ECap4RegsFile)

ECap5RegsFile 
*          1    00005080    00000020     UNINITIALIZED
                  00005080    00000020     F2837xD_GlobalVariableDefs.obj (ECap5RegsFile)

ECap6RegsFile 
*          1    000050a0    00000020     UNINITIALIZED
                  000050a0    00000020     F2837xD_GlobalVariableDefs.obj (ECap6RegsFile)

EQep1RegsFile 
*          1    00005100    00000022     UNINITIALIZED
                  00005100    00000022     F2837xD_GlobalVariableDefs.obj (EQep1RegsFile)

EQep2RegsFile 
*          1    00005140    00000022     UNINITIALIZED
                  00005140    00000022     F2837xD_GlobalVariableDefs.obj (EQep2RegsFile)

EQep3RegsFile 
*          1    00005180    00000022     UNINITIALIZED
                  00005180    00000022     F2837xD_GlobalVariableDefs.obj (EQep3RegsFile)

DacaRegsFile 
*          1    00005c00    00000008     UNINITIALIZED
                  00005c00    00000008     F2837xD_GlobalVariableDefs.obj (DacaRegsFile)

DacbRegsFile 
*          1    00005c10    00000008     UNINITIALIZED
                  00005c10    00000008     F2837xD_GlobalVariableDefs.obj (DacbRegsFile)

DaccRegsFile 
*          1    00005c20    00000008     UNINITIALIZED
                  00005c20    00000008     F2837xD_GlobalVariableDefs.obj (DaccRegsFile)

Sdfm1RegsFile 
*          1    00005e00    00000080     UNINITIALIZED
                  00005e00    00000080     F2837xD_GlobalVariableDefs.obj (Sdfm1RegsFile)

Sdfm2RegsFile 
*          1    00005e80    00000080     UNINITIALIZED
                  00005e80    00000080     F2837xD_GlobalVariableDefs.obj (Sdfm2RegsFile)

McbspaRegsFile 
*          1    00006000    00000024     UNINITIALIZED
                  00006000    00000024     F2837xD_GlobalVariableDefs.obj (McbspaRegsFile)

McbspbRegsFile 
*          1    00006040    00000024     UNINITIALIZED
                  00006040    00000024     F2837xD_GlobalVariableDefs.obj (McbspbRegsFile)

SpiaRegsFile 
*          1    00006100    00000010     UNINITIALIZED
                  00006100    00000010     F2837xD_GlobalVariableDefs.obj (SpiaRegsFile)

SpibRegsFile 
*          1    00006110    00000010     UNINITIALIZED
                  00006110    00000010     F2837xD_GlobalVariableDefs.obj (SpibRegsFile)

SpicRegsFile 
*          1    00006120    00000010     UNINITIALIZED
                  00006120    00000010     F2837xD_GlobalVariableDefs.obj (SpicRegsFile)

UppRegsFile 
*          1    00006200    00000048     UNINITIALIZED
                  00006200    00000048     F2837xD_GlobalVariableDefs.obj (UppRegsFile)

WdRegsFile 
*          1    00007000    0000002b     UNINITIALIZED
                  00007000    0000002b     F2837xD_GlobalVariableDefs.obj (WdRegsFile)

NmiIntruptRegsFile 
*          1    00007060    00000007     UNINITIALIZED
                  00007060    00000007     F2837xD_GlobalVariableDefs.obj (NmiIntruptRegsFile)

XintRegsFile 
*          1    00007070    0000000b     UNINITIALIZED
                  00007070    0000000b     F2837xD_GlobalVariableDefs.obj (XintRegsFile)

SciaRegsFile 
*          1    00007200    00000010     UNINITIALIZED
                  00007200    00000010     F2837xD_GlobalVariableDefs.obj (SciaRegsFile)

ScibRegsFile 
*          1    00007210    00000010     UNINITIALIZED
                  00007210    00000010     F2837xD_GlobalVariableDefs.obj (ScibRegsFile)

ScicRegsFile 
*          1    00007220    00000010     UNINITIALIZED
                  00007220    00000010     F2837xD_GlobalVariableDefs.obj (ScicRegsFile)

ScidRegsFile 
*          1    00007230    00000010     UNINITIALIZED
                  00007230    00000010     F2837xD_GlobalVariableDefs.obj (ScidRegsFile)

I2caRegsFile 
*          1    00007300    00000022     UNINITIALIZED
                  00007300    00000022     F2837xD_GlobalVariableDefs.obj (I2caRegsFile)

I2cbRegsFile 
*          1    00007340    00000022     UNINITIALIZED
                  00007340    00000022     F2837xD_GlobalVariableDefs.obj (I2cbRegsFile)

AdcaRegsFile 
*          1    00007400    00000080     UNINITIALIZED
                  00007400    00000080     F2837xD_GlobalVariableDefs.obj (AdcaRegsFile)

AdcbRegsFile 
*          1    00007480    00000080     UNINITIALIZED
                  00007480    00000080     F2837xD_GlobalVariableDefs.obj (AdcbRegsFile)

AdccRegsFile 
*          1    00007500    00000080     UNINITIALIZED
                  00007500    00000080     F2837xD_GlobalVariableDefs.obj (AdccRegsFile)

AdcdRegsFile 
*          1    00007580    00000080     UNINITIALIZED
                  00007580    00000080     F2837xD_GlobalVariableDefs.obj (AdcdRegsFile)

AnalogSubsysRegsFile 
*          1    0005d180    00000048     UNINITIALIZED
                  0005d180    00000048     F2837xD_GlobalVariableDefs.obj (AnalogSubsysRegsFile)

Cla1SoftIntRegsFile 
*          1    00000ce0    00000004     DSECT
                  00000ce0    00000004     F2837xD_GlobalVariableDefs.obj (Cla1SoftIntRegsFile)

Cmpss1RegsFile 
*          1    00005c80    00000020     UNINITIALIZED
                  00005c80    00000020     F2837xD_GlobalVariableDefs.obj (Cmpss1RegsFile)

Cmpss2RegsFile 
*          1    00005ca0    00000020     UNINITIALIZED
                  00005ca0    00000020     F2837xD_GlobalVariableDefs.obj (Cmpss2RegsFile)

Cmpss3RegsFile 
*          1    00005cc0    00000020     UNINITIALIZED
                  00005cc0    00000020     F2837xD_GlobalVariableDefs.obj (Cmpss3RegsFile)

Cmpss4RegsFile 
*          1    00005ce0    00000020     UNINITIALIZED
                  00005ce0    00000020     F2837xD_GlobalVariableDefs.obj (Cmpss4RegsFile)

Cmpss5RegsFile 
*          1    00005d00    00000020     UNINITIALIZED
                  00005d00    00000020     F2837xD_GlobalVariableDefs.obj (Cmpss5RegsFile)

Cmpss6RegsFile 
*          1    00005d20    00000020     UNINITIALIZED
                  00005d20    00000020     F2837xD_GlobalVariableDefs.obj (Cmpss6RegsFile)

Cmpss7RegsFile 
*          1    00005d40    00000020     UNINITIALIZED
                  00005d40    00000020     F2837xD_GlobalVariableDefs.obj (Cmpss7RegsFile)

Cmpss8RegsFile 
*          1    00005d60    00000020     UNINITIALIZED
                  00005d60    00000020     F2837xD_GlobalVariableDefs.obj (Cmpss8RegsFile)

InputXbarRegsFile 
*          1    00007900    00000020     UNINITIALIZED
                  00007900    00000020     F2837xD_GlobalVariableDefs.obj (InputXbarRegsFile)

XbarRegsFile 
*          1    00007920    00000020     UNINITIALIZED
                  00007920    00000020     F2837xD_GlobalVariableDefs.obj (XbarRegsFile)

SyncSocRegsFile 
*          1    00007940    00000006     UNINITIALIZED
                  00007940    00000006     F2837xD_GlobalVariableDefs.obj (SyncSocRegsFile)

DmaClaSrcSelRegsFile 
*          1    00007980    0000001a     UNINITIALIZED
                  00007980    0000001a     F2837xD_GlobalVariableDefs.obj (DmaClaSrcSelRegsFile)

EPwmXbarRegsFile 
*          1    00007a00    00000040     UNINITIALIZED
                  00007a00    00000040     F2837xD_GlobalVariableDefs.obj (EPwmXbarRegsFile)

OutputXbarRegsFile 
*          1    00007a80    00000040     UNINITIALIZED
                  00007a80    00000040     F2837xD_GlobalVariableDefs.obj (OutputXbarRegsFile)

GpioCtrlRegsFile 
*          1    00007c00    00000180     UNINITIALIZED
                  00007c00    00000180     F2837xD_GlobalVariableDefs.obj (GpioCtrlRegsFile)

GpioDataRegsFile 
*          1    00007f00    00000030     UNINITIALIZED
                  00007f00    00000030     F2837xD_GlobalVariableDefs.obj (GpioDataRegsFile)

Emif1RegsFile 
*          1    00047000    00000070     UNINITIALIZED
                  00047000    00000070     F2837xD_GlobalVariableDefs.obj (Emif1RegsFile)

Emif2RegsFile 
*          1    00047800    00000070     UNINITIALIZED
                  00047800    00000070     F2837xD_GlobalVariableDefs.obj (Emif2RegsFile)

IpcRegsFile 
*          1    00050000    00000024     UNINITIALIZED
                  00050000    00000024     F2837xD_GlobalVariableDefs.obj (IpcRegsFile)

FlashPumpSemaphoreRegsFile 
*          1    00050024    00000002     UNINITIALIZED
                  00050024    00000002     F2837xD_GlobalVariableDefs.obj (FlashPumpSemaphoreRegsFile)

RomPrefetchRegsFile 
*          1    0005e608    00000002     UNINITIALIZED
                  0005e608    00000002     F2837xD_GlobalVariableDefs.obj (RomPrefetchRegsFile)

DcsmZ1RegsFile 
*          1    0005f000    00000024     UNINITIALIZED
                  0005f000    00000024     F2837xD_GlobalVariableDefs.obj (DcsmZ1RegsFile)

DcsmZ2RegsFile 
*          1    0005f040    00000024     UNINITIALIZED
                  0005f040    00000024     F2837xD_GlobalVariableDefs.obj (DcsmZ2RegsFile)

DcsmCommonRegsFile 
*          1    0005f070    00000008     UNINITIALIZED
                  0005f070    00000008     F2837xD_GlobalVariableDefs.obj (DcsmCommonRegsFile)

MemCfgRegsFile 
*          1    0005f400    00000080     UNINITIALIZED
                  0005f400    00000080     F2837xD_GlobalVariableDefs.obj (MemCfgRegsFile)

Emif1ConfigRegsFile 
*          1    0005f480    00000020     UNINITIALIZED
                  0005f480    00000020     F2837xD_GlobalVariableDefs.obj (Emif1ConfigRegsFile)

Emif2ConfigRegsFile 
*          1    0005f4a0    00000020     UNINITIALIZED
                  0005f4a0    00000020     F2837xD_GlobalVariableDefs.obj (Emif2ConfigRegsFile)

AccessProtectionRegsFile 
*          1    0005f4c0    00000040     UNINITIALIZED
                  0005f4c0    00000040     F2837xD_GlobalVariableDefs.obj (AccessProtectionRegsFile)

MemoryErrorRegsFile 
*          1    0005f500    00000040     UNINITIALIZED
                  0005f500    00000040     F2837xD_GlobalVariableDefs.obj (MemoryErrorRegsFile)

RomWaitStateRegsFile 
*          1    0005f540    00000002     UNINITIALIZED
                  0005f540    00000002     F2837xD_GlobalVariableDefs.obj (RomWaitStateRegsFile)

Flash0CtrlRegsFile 
*          1    0005f800    00000182     UNINITIALIZED
                  0005f800    00000182     F2837xD_GlobalVariableDefs.obj (Flash0CtrlRegsFile)

Flash0EccRegsFile 
*          1    0005fb00    00000028     UNINITIALIZED
                  0005fb00    00000028     F2837xD_GlobalVariableDefs.obj (Flash0EccRegsFile)

DcsmZ1OtpFile 
*          1    00078000    00000020     NOLOAD SECTION
                  00078000    00000020     F2837xD_GlobalVariableDefs.obj (DcsmZ1OtpFile)

DcsmZ2OtpFile 
*          1    00078200    00000020     NOLOAD SECTION
                  00078200    00000020     F2837xD_GlobalVariableDefs.obj (DcsmZ2OtpFile)

DevCfgRegsFile 
*          1    0005d000    0000012e     UNINITIALIZED
                  0005d000    0000012e     F2837xD_GlobalVariableDefs.obj (DevCfgRegsFile)

ClkCfgRegsFile 
*          1    0005d200    00000032     UNINITIALIZED
                  0005d200    00000032     F2837xD_GlobalVariableDefs.obj (ClkCfgRegsFile)

CpuSysRegsFile 
*          1    0005d300    00000082     UNINITIALIZED
                  0005d300    00000082     F2837xD_GlobalVariableDefs.obj (CpuSysRegsFile)

.cinit     0    00084374    00000304     
                  00084374    0000027b     Droop_data.obj (.cinit)
                  000845ef    0000001c     MW_c28xIPC.obj (.cinit)
                  0008460b    00000010     Droop.obj (.cinit)
                  0008461b    0000000e     rts2800_fpu32.lib : exit.c.obj (.cinit)
                  00084629    0000000a     c2837xDBoard_Realtime_Support.obj (.cinit)
                  00084633    00000007     ert_main.obj (.cinit:_isRateRunning)
                  0008463a    00000007     ert_main.obj (.cinit:_need2runFlags)
                  00084641    00000005     MW_data.obj (.cinit:_ADC_val12)
                  00084646    00000005     MW_data.obj (.cinit:_DIN1)
                  0008464b    00000005     MW_data.obj (.cinit:_DIN2)
                  00084650    00000005     MW_data.obj (.cinit:_DIN3)
                  00084655    00000005     rts2800_fpu32.lib : _lock.c.obj (.cinit:__lock)
                  0008465a    00000005                       : _lock.c.obj (.cinit:__unlock)
                  0008465f    00000005     Droop.obj (.cinit:_matrix_I_inv)
                  00084664    00000005     Droop.obj (.cinit:_matrix_V_filter)
                  00084669    00000005     Droop.obj (.cinit:_matrix_V_inv)
                  0008466e    00000004     MW_c28xGPIO.obj (.cinit)
                  00084672    00000004     ert_main.obj (.cinit)
                  00084676    00000002     --HOLE-- [fill = 0]

.pinit     0    00080004    00000000     UNINITIALIZED

.text      0    00080004    00004332     
                  00080004    00002360     Droop.obj (.text)
                  00082364    00000585     F2837xD_DefaultISR.obj (.text:retain)
                  000828e9    0000042e     MW_c28xIPC.obj (.text)
                  00082d17    00000320     F2837xD_Ipc_Driver_Lite.obj (.text)
                  00083037    000002c3     F2837xD_SysCtrl.obj (.text)
                  000832fa    00000244     F2837xD_Gpio.obj (.text)
                  0008353e    0000018c     c2837xDBoard_Realtime_Support.obj (.text)
                  000836ca    00000157     MW_c28xx_adc.obj (.text)
                  00083821    000000f9     DSP28xx_SciUtil.obj (.text)
                  0008391a    000000e0     c2837xDBoard_Realtime_Support.obj (.text:retain)
                  000839fa    000000dd     F2837xD_Adc.obj (.text)
                  00083ad7    000000d2     ert_main.obj (.text)
                  00083ba9    000000cf     rts2800_fpu32.lib : e_fmodf.c.obj (.text)
                  00083c78    000000b0     MW_c28xx_board.obj (.text)
                  00083d28    00000092     rt_nonfinite.obj (.text)
                  00083dba    0000008b     MW_c28xx_csl.obj (.text:retain)
                  00083e45    00000088     rts2800_fpu32.lib : fs_div28.asm.obj (.text)
                  00083ecd    00000086     MW_c28xx_csl.obj (.text)
                  00083f53    0000007f     c2837xDSchedulerTimer0.obj (.text)
                  00083fd2    0000007c     F2837xD_CpuTimers.obj (.text)
                  0008404e    00000059     rts2800_fpu32.lib : s_floorf.c.obj (.text)
                  000840a7    00000058                       : s_ceilf.c.obj (.text)
                  000840ff    00000056                       : boot28.asm.obj (.text)
                  00084155    00000044     c2837xDSchedulerTimer0.obj (.text:retain)
                  00084199    00000044     rtGetInf.obj (.text)
                  000841dd    00000032     MW_c28xx_pwm.obj (.text)
                  0008420f    0000002a     rtGetNaN.obj (.text)
                  00084239    00000029     rts2800_fpu32.lib : exit.c.obj (.text)
                  00084262    00000028     F2837xD_PieCtrl.obj (.text)
                  0008428a    00000026     F2837xD_PieVect.obj (.text)
                  000842b0    00000024     rts2800_fpu32.lib : cpy_tbl.c.obj (.text)
                  000842d4    0000001d                       : memcpy.c.obj (.text)
                  000842f1    00000019                       : args_main.c.obj (.text)
                  0008430a    00000011     MW_c28xGlobalInterrupts.obj (.text)
                  0008431b    00000009     rts2800_fpu32.lib : _lock.c.obj (.text)
                  00084324    00000008     F2837xD_CodeStartBranch.obj (.text)
                  0008432c    00000007     rts2800_fpu32.lib : memset.c.obj (.text)
                  00084333    00000002                       : pre_init.c.obj (.text)
                  00084335    00000001                       : startup.c.obj (.text)

ramfuncs   0    00084338    0000003b     RUN ADDR = 00008000
                  00084338    00000037     F2837xD_SysCtrl.obj (ramfuncs)
                  0008436f    00000004     F2837xD_usDelay.obj (ramfuncs)

.econst    0    00084678    000001d2     
                  00084678    000001c0     F2837xD_PieVect.obj (.econst:_PieVectTableInit)
                  00084838    00000004     Droop.obj (.econst:.string)
                  0008483c    00000004     rts2800_fpu32.lib : e_fmodf.c.obj (.econst:_Zero)
                  00084840    00000002     Droop.obj (.econst)
                  00084842    00000002     rtGetNaN.obj (.econst:_$P$T0$1)
                  00084844    00000002     rts2800_fpu32.lib : e_fmodf.c.obj (.econst)
                  00084846    00000002                       : s_ceilf.c.obj (.econst)
                  00084848    00000002                       : s_floorf.c.obj (.econst)

.switch    0    0008484c    00000040     
                  0008484c    00000024     c2837xDBoard_Realtime_Support.obj (.switch:_CPU02toCPU01IPC0IntHandler)
                  00084870    0000001c     c2837xDBoard_Realtime_Support.obj (.switch:_setInXBARForCPU2)

.stack     1    00000122    00000200     UNINITIALIZED
                  00000122    00000200     --HOLE--

.reset     0    003fffc0    00000002     DSECT
                  003fffc0    00000002     rts2800_fpu32.lib : boot28.asm.obj (.reset)

PUTBUFFER 
*          1    0003fc00    00000100     UNINITIALIZED
                  0003fc00    00000100     MW_c28xIPC.obj (PUTBUFFER)

PUTWRITEIDX 
*          1    0003fd00    00000020     UNINITIALIZED
                  0003fd00    00000020     MW_c28xIPC.obj (PUTWRITEIDX)

GETREADIDX 
*          1    0003fd20    00000020     UNINITIALIZED
                  0003fd20    00000020     MW_c28xIPC.obj (GETREADIDX)

WRITEFLAG1CPU1 
*          1    0003fd40    00000020     UNINITIALIZED
                  0003fd40    00000020     MW_c28xIPC.obj (WRITEFLAG1CPU1)

WRITEFLAG2CPU1 
*          1    0003fd60    00000020     UNINITIALIZED
                  0003fd60    00000020     MW_c28xIPC.obj (WRITEFLAG2CPU1)

READFLAG1CPU1 
*          1    0003fd80    00000020     UNINITIALIZED
                  0003fd80    00000020     MW_c28xIPC.obj (READFLAG1CPU1)

READFLAG2CPU1 
*          1    0003fda0    00000020     UNINITIALIZED
                  0003fda0    00000020     MW_c28xIPC.obj (READFLAG2CPU1)

GETBUFFER 
*          0    0003f800    00000100     DSECT
                  0003f800    00000100     MW_c28xIPC.obj (GETBUFFER)

GETWRITEIDX 
*          0    0003f900    00000020     DSECT
                  0003f900    00000020     MW_c28xIPC.obj (GETWRITEIDX)

PUTREADIDX 
*          0    0003f920    00000020     DSECT
                  0003f920    00000020     MW_c28xIPC.obj (PUTREADIDX)

WRITEFLAG1CPU2 
*          0    0003f940    00000020     DSECT
                  0003f940    00000020     MW_c28xIPC.obj (WRITEFLAG1CPU2)

WRITEFLAG2CPU2 
*          0    0003f960    00000020     DSECT
                  0003f960    00000020     MW_c28xIPC.obj (WRITEFLAG2CPU2)

READFLAG1CPU2 
*          0    0003f980    00000020     DSECT
                  0003f980    00000020     MW_c28xIPC.obj (READFLAG1CPU2)

READFLAG2CPU2 
*          0    0003f9a0    00000020     DSECT
                  0003f9a0    00000020     MW_c28xIPC.obj (READFLAG2CPU2)

CPU1TOCPU2GSRAM 
*          1    0000c000    00000080     UNINITIALIZED
                  0000c000    00000080     MW_c28xIPC.obj (CPU1TOCPU2GSRAM)

.ebss      1    0000e000    000068be     UNINITIALIZED
                  0000e000    00001f40     Droop.obj (.ebss:_matrix_I_inv)
                  0000ff40    00001f40     Droop.obj (.ebss:_matrix_V_filter)
                  00011e80    00001f40     Droop.obj (.ebss:_matrix_V_inv)
                  00013dc0    000004e8     Droop.obj (.ebss)
                  000142a8    00000018     F2837xD_CpuTimers.obj (.ebss)
                  000142c0    00000278     Droop_data.obj (.ebss)
                  00014538    00000006     Droop.obj (.ebss:_I_inv)
                  0001453e    00000002     MW_data.obj (.ebss:_ADC_val12)
                  00014540    000001c0     MW_c28xIPC.obj (.ebss:_mwIpcControllerTx)
                  00014700    00000040     MW_c28xIPC.obj (.ebss:_IpcGSlocation1)
                  00014740    00000040     MW_c28xIPC.obj (.ebss:_IpcGSlocation2)
                  00014780    00000040     Droop.obj (.ebss:_SCI_Row_Rec)
                  000147c0    00000040     Droop.obj (.ebss:_SCI_Row_Rec_B)
                  00014800    00000040     Droop.obj (.ebss:_SCI_T)
                  00014840    00000040     Droop.obj (.ebss:_SCI_T_B)
                  00014880    0000000c     rt_nonfinite.obj (.ebss)
                  0001488c    00000006     Droop.obj (.ebss:_V_filter)
                  00014892    00000006     Droop.obj (.ebss:_V_inv)
                  00014898    00000006     c2837xDBoard_Realtime_Support.obj (.ebss)
                  0001489e    00000006     rts2800_fpu32.lib : exit.c.obj (.ebss)
                  000148a4    00000004     ert_main.obj (.ebss:_isRateRunning)
                  000148a8    00000004     ert_main.obj (.ebss:_need2runFlags)
                  000148ac    00000003     MW_c28xIPC.obj (.ebss)
                  000148af    00000003     ert_main.obj (.ebss)
                  000148b2    00000002     MW_data.obj (.ebss:_DIN1)
                  000148b4    00000002     MW_data.obj (.ebss:_DIN2)
                  000148b6    00000002     MW_data.obj (.ebss:_DIN3)
                  000148b8    00000002     rts2800_fpu32.lib : _lock.c.obj (.ebss:__lock)
                  000148ba    00000002                       : _lock.c.obj (.ebss:__unlock)
                  000148bc    00000001     MW_c28xGPIO.obj (.ebss)
                  000148bd    00000001     MW_c28xGlobalInterrupts.obj (.ebss)

MODULE SUMMARY

       Module                              code    initialized data   uninitialized data
       ------                              ----    ----------------   ------------------
    <current directory>
       Droop.obj                           9056    37                 25530             
       F2837xD_GlobalVariableDefs.obj      0       0                  8047              
       MW_c28xIPC.obj                      1070    28                 1155              
       F2837xD_DefaultISR.obj              1413    0                  0                 
       Droop_data.obj                      0       635                632               
       F2837xD_SysCtrl.obj                 817     0                  0                 
       F2837xD_Ipc_Driver_Lite.obj         800     0                  0                 
       c2837xDBoard_Realtime_Support.obj   620     74                 6                 
       F2837xD_Gpio.obj                    580     0                  0                 
       F2837xD_PieVect.obj                 38      448                0                 
       MW_c28xx_adc.obj                    343     0                  0                 
       MW_c28xx_csl.obj                    273     0                  0                 
       DSP28xx_SciUtil.obj                 249     0                  0                 
       ert_main.obj                        210     18                 11                
       F2837xD_Adc.obj                     221     0                  0                 
       c2837xDSchedulerTimer0.obj          195     0                  0                 
       MW_c28xx_board.obj                  176     0                  0                 
       rt_nonfinite.obj                    146     0                  12                
       F2837xD_CpuTimers.obj               124     0                  24                
       rtGetInf.obj                        68      0                  0                 
       MW_c28xx_pwm.obj                    50      0                  0                 
       rtGetNaN.obj                        42      2                  0                 
       F2837xD_PieCtrl.obj                 40      0                  0                 
       MW_data.obj                         0       20                 8                 
       MW_c28xGlobalInterrupts.obj         17      0                  1                 
       F2837xD_CodeStartBranch.obj         10      0                  0                 
       F2837xD_usDelay.obj                 8       0                  0                 
       MW_c28xGPIO.obj                     0       4                  1                 
    +--+-----------------------------------+-------+------------------+--------------------+
       Total:                              16566   1266               35427             
                                                                                        
    C:/PROGRA~3/MATLAB/SUPPOR~1/R2020b/3P778C~1.INS/TIC200~1.INS/TI-CGT~1.LTS/lib/rts2800_fpu32.lib
       e_fmodf.c.obj                       207     6                  0                 
       fs_div28.asm.obj                    136     0                  0                 
       s_floorf.c.obj                      89      2                  0                 
       s_ceilf.c.obj                       88      2                  0                 
       boot28.asm.obj                      86      0                  0                 
       exit.c.obj                          41      14                 6                 
       cpy_tbl.c.obj                       36      0                  0                 
       memcpy.c.obj                        29      0                  0                 
       args_main.c.obj                     25      0                  0                 
       _lock.c.obj                         9       10                 4                 
       memset.c.obj                        7       0                  0                 
       pre_init.c.obj                      2       0                  0                 
       startup.c.obj                       1       0                  0                 
    +--+-----------------------------------+-------+------------------+--------------------+
       Total:                              756     34                 10                
                                                                                        
       Stack:                              0       0                  512               
    +--+-----------------------------------+-------+------------------+--------------------+
       Grand Total:                        17322   1300               35949             


GLOBAL DATA SYMBOLS: SORTED BY DATA PAGE

address     data page           name
--------    ----------------    ----
00000122       4 (00000100)     __stack

00000b00      2c (00000b00)     _AdcaResultRegs
00000b20      2c (00000b00)     _AdcbResultRegs

00000b40      2d (00000b40)     _AdccResultRegs
00000b60      2d (00000b40)     _AdcdResultRegs

00000c00      30 (00000c00)     _CpuTimer0Regs
00000c08      30 (00000c00)     _CpuTimer1Regs
00000c10      30 (00000c00)     _CpuTimer2Regs

00000ce0      33 (00000cc0)     _Cla1SoftIntRegs
00000ce0      33 (00000cc0)     _PieCtrlRegs

00000d00      34 (00000d00)     _EmuKey
00000d00      34 (00000d00)     _PieVectTable
00000d01      34 (00000d00)     _EmuBMode

00001000      40 (00001000)     _DmaRegs

00001400      50 (00001400)     _Cla1Regs

00004000     100 (00004000)     _EPwm1Regs

00004100     104 (00004100)     _EPwm2Regs

00004200     108 (00004200)     _EPwm3Regs

00004300     10c (00004300)     _EPwm4Regs

00004400     110 (00004400)     _EPwm5Regs

00004500     114 (00004500)     _EPwm6Regs

00004600     118 (00004600)     _EPwm7Regs

00004700     11c (00004700)     _EPwm8Regs

00004800     120 (00004800)     _EPwm9Regs

00004900     124 (00004900)     _EPwm10Regs

00004a00     128 (00004a00)     _EPwm11Regs

00004b00     12c (00004b00)     _EPwm12Regs

00005000     140 (00005000)     _ECap1Regs
00005020     140 (00005000)     _ECap2Regs

00005040     141 (00005040)     _ECap3Regs
00005060     141 (00005040)     _ECap4Regs

00005080     142 (00005080)     _ECap5Regs
000050a0     142 (00005080)     _ECap6Regs

00005100     144 (00005100)     _EQep1Regs

00005140     145 (00005140)     _EQep2Regs

00005180     146 (00005180)     _EQep3Regs

00005c00     170 (00005c00)     _DacaRegs
00005c10     170 (00005c00)     _DacbRegs
00005c20     170 (00005c00)     _DaccRegs

00005c80     172 (00005c80)     _Cmpss1Regs
00005ca0     172 (00005c80)     _Cmpss2Regs

00005cc0     173 (00005cc0)     _Cmpss3Regs
00005ce0     173 (00005cc0)     _Cmpss4Regs

00005d00     174 (00005d00)     _Cmpss5Regs
00005d20     174 (00005d00)     _Cmpss6Regs

00005d40     175 (00005d40)     _Cmpss7Regs
00005d60     175 (00005d40)     _Cmpss8Regs

00005e00     178 (00005e00)     _Sdfm1Regs

00005e80     17a (00005e80)     _Sdfm2Regs

00006000     180 (00006000)     _McbspaRegs

00006040     181 (00006040)     _McbspbRegs

00006100     184 (00006100)     _SpiaRegs
00006110     184 (00006100)     _SpibRegs
00006120     184 (00006100)     _SpicRegs

00006200     188 (00006200)     _UppRegs

00007000     1c0 (00007000)     _WdRegs

00007060     1c1 (00007040)     _NmiIntruptRegs
00007070     1c1 (00007040)     _XintRegs

00007200     1c8 (00007200)     _SciaRegs
00007210     1c8 (00007200)     _ScibRegs
00007220     1c8 (00007200)     _ScicRegs
00007230     1c8 (00007200)     _ScidRegs

00007300     1cc (00007300)     _I2caRegs

00007340     1cd (00007340)     _I2cbRegs

00007400     1d0 (00007400)     _AdcaRegs

00007480     1d2 (00007480)     _AdcbRegs

00007500     1d4 (00007500)     _AdccRegs

00007580     1d6 (00007580)     _AdcdRegs

00007900     1e4 (00007900)     _InputXbarRegs
00007920     1e4 (00007900)     _XbarRegs

00007940     1e5 (00007940)     _SyncSocRegs

00007980     1e6 (00007980)     _DmaClaSrcSelRegs

00007a00     1e8 (00007a00)     _EPwmXbarRegs

00007a80     1ea (00007a80)     _OutputXbarRegs

00007c00     1f0 (00007c00)     _GpioCtrlRegs

00007f00     1fc (00007f00)     _GpioDataRegs

0000c000     300 (0000c000)     _mwChannel2Buff1

0000c040     301 (0000c040)     _mwChannel2Buff2

0000e000     380 (0000e000)     _matrix_I_inv
0000e000     380 (0000e000)     _mwCMIpcControllerTx

0000ff40     3fd (0000ff40)     _matrix_V_filter

00011e80     47a (00011e80)     _matrix_V_inv

00013dc0     4f7 (00013dc0)     _j
00013dc1     4f7 (00013dc0)     _Rec_Status_B
00013dc2     4f7 (00013dc0)     _Rec_Status
00013dc3     4f7 (00013dc0)     _MW_adcBInitFlag
00013dc4     4f7 (00013dc0)     _MW_adcDInitFlag
00013dc5     4f7 (00013dc0)     _MW_adcAInitFlag
00013dc6     4f7 (00013dc0)     _w_set_sec
00013dc8     4f7 (00013dc0)     _Vdc_meas
00013dca     4f7 (00013dc0)     _flag_sec1
00013dcc     4f7 (00013dc0)     _Pmeas
00013dce     4f7 (00013dc0)     _ini_flag1
00013dd0     4f7 (00013dc0)     _Vmag
00013dd2     4f7 (00013dc0)     _Qmeas
00013dd4     4f7 (00013dc0)     _theta1
00013dd6     4f7 (00013dc0)     _Op_St1
00013dd8     4f7 (00013dc0)     _flag_Syn_v
00013dda     4f7 (00013dc0)     _flag_Syn_w

00013e00     4f8 (00013e00)     _Droop_B

00014000     500 (00014000)     _Droop_DW

000142a8     50a (00014280)     _CpuTimer0
000142b0     50a (00014280)     _CpuTimer1
000142b8     50a (00014280)     _CpuTimer2

000142c0     50b (000142c0)     _Droop_P

00014538     514 (00014500)     _I_inv
0001453e     514 (00014500)     _ADC_val12

00014540     515 (00014540)     _mwIpcControllerTx

00014700     51c (00014700)     _IpcGSlocation1

00014740     51d (00014740)     _IpcGSlocation2

00014780     51e (00014780)     _SCI_Row_Rec

000147c0     51f (000147c0)     _SCI_Row_Rec_B

00014800     520 (00014800)     _SCI_T

00014840     521 (00014840)     _SCI_T_B

00014880     522 (00014880)     _rtInf
00014882     522 (00014880)     _rtMinusInf
00014884     522 (00014880)     _rtNaN
00014886     522 (00014880)     _rtInfF
00014888     522 (00014880)     _rtMinusInfF
0001488a     522 (00014880)     _rtNaNF
0001488c     522 (00014880)     _V_filter
00014892     522 (00014880)     _V_inv
00014898     522 (00014880)     _ErrorFlag
0001489a     522 (00014880)     _mwInitStart
0001489c     522 (00014880)     _mwInitEnd
0001489e     522 (00014880)     ___TI_enable_exit_profile_output
000148a0     522 (00014880)     ___TI_cleanup_ptr
000148a2     522 (00014880)     ___TI_dtors_ptr
000148a4     522 (00014880)     _isRateRunning
000148a8     522 (00014880)     _need2runFlags
000148ac     522 (00014880)     _tempChNum_write
000148ad     522 (00014880)     _tempChNum_read
000148ae     522 (00014880)     _isInitialized
000148af     522 (00014880)     _IsrOverrun
000148b0     522 (00014880)     _stopRequested
000148b1     522 (00014880)     _runModel
000148b2     522 (00014880)     _DIN1
000148b4     522 (00014880)     _DIN2
000148b6     522 (00014880)     _DIN3
000148b8     522 (00014880)     __lock
000148ba     522 (00014880)     __unlock
000148bc     522 (00014880)     _GPIO_oneTimeInit
000148bd     522 (00014880)     _MW_InterruptDisableLock

0003f800     fe0 (0003f800)     _MW_IPCCPU2toCPU1Buffers

0003f900     fe4 (0003f900)     _MW_GetWriteIndexes
0003f920     fe4 (0003f900)     _MW_PutReadIndexes

0003f940     fe5 (0003f940)     _MW_WRITESTATUSBUFF1
0003f960     fe5 (0003f940)     _MW_WRITESTATUSBUFF2

0003f980     fe6 (0003f980)     _MW_READSTATUSBUFF1
0003f9a0     fe6 (0003f980)     _MW_READSTATUSBUFF2

0003fc00     ff0 (0003fc00)     _MW_IPCCPU1toCPU2Buffers

0003fd00     ff4 (0003fd00)     _MW_PutWriteIndexes
0003fd20     ff4 (0003fd00)     _MW_GetReadIndexes

0003fd40     ff5 (0003fd40)     _MW_WRITEFLAGBUFF1
0003fd60     ff5 (0003fd40)     _MW_WRITEFLAGBUFF2

0003fd80     ff6 (0003fd80)     _MW_READFLAGBUFF1
0003fda0     ff6 (0003fd80)     _MW_READFLAGBUFF2

00047000    11c0 (00047000)     _Emif1Regs

00047800    11e0 (00047800)     _Emif2Regs

00050000    1400 (00050000)     _IpcRegs
00050024    1400 (00050000)     _FlashPumpSemaphoreRegs

0005d000    1740 (0005d000)     _DevCfgRegs

0005d180    1746 (0005d180)     _AnalogSubsysRegs

0005d200    1748 (0005d200)     _ClkCfgRegs

0005d300    174c (0005d300)     _CpuSysRegs

0005e608    1798 (0005e600)     _RomPrefetchRegs

0005f000    17c0 (0005f000)     _DcsmZ1Regs

0005f040    17c1 (0005f040)     _DcsmZ2Regs
0005f070    17c1 (0005f040)     _DcsmCommonRegs

0005f400    17d0 (0005f400)     _MemCfgRegs

0005f480    17d2 (0005f480)     _Emif1ConfigRegs
0005f4a0    17d2 (0005f480)     _Emif2ConfigRegs

0005f4c0    17d3 (0005f4c0)     _AccessProtectionRegs

0005f500    17d4 (0005f500)     _MemoryErrorRegs

0005f540    17d5 (0005f540)     _RomWaitStateRegs

0005f800    17e0 (0005f800)     _Flash0CtrlRegs

0005fb00    17ec (0005fb00)     _Flash0EccRegs

00078000    1e00 (00078000)     _DcsmZ1Otp

00078200    1e08 (00078200)     _DcsmZ2Otp

00084678    2119 (00084640)     _PieVectTableInit

00084840    2121 (00084840)     _Droop_M


GLOBAL SYMBOLS: SORTED ALPHABETICALLY BY Name 

page  address   name                                  
----  -------   ----                                  
0     00080004  .text                                 
0     00084239  C$$EXIT                               
0     00083e45  FS$$DIV                               
0     00083dba  _ADCA1_INT_isr                        
0     00082422  _ADCA1_ISR                            
0     000826a2  _ADCA2_ISR                            
0     000826ac  _ADCA3_ISR                            
0     000826b6  _ADCA4_ISR                            
0     00082698  _ADCA_EVT_ISR                         
0     0008242c  _ADCB1_ISR                            
0     000826ca  _ADCB2_ISR                            
0     000826d4  _ADCB3_ISR                            
0     000826de  _ADCB4_ISR                            
0     000826c0  _ADCB_EVT_ISR                         
0     00082436  _ADCC1_ISR                            
0     00082832  _ADCC2_ISR                            
0     0008283c  _ADCC3_ISR                            
0     00082846  _ADCC4_ISR                            
0     00082828  _ADCC_EVT_ISR                         
0     00082454  _ADCD1_ISR                            
0     0008285a  _ADCD2_ISR                            
0     00082864  _ADCD3_ISR                            
0     0008286e  _ADCD4_ISR                            
0     00082850  _ADCD_EVT_ISR                         
1     0001453e  _ADC_val12                            
0     000828aa  _AUX_PLL_SLIP_ISR                     
1     0005f4c0  _AccessProtectionRegs                 
0     000839fa  _AdcSetMode                           
1     00007400  _AdcaRegs                             
1     00000b00  _AdcaResultRegs                       
1     00007480  _AdcbRegs                             
1     00000b20  _AdcbResultRegs                       
1     00007500  _AdccRegs                             
1     00000b40  _AdccResultRegs                       
1     00007580  _AdcdRegs                             
1     00000b60  _AdcdResultRegs                       
1     0005d180  _AnalogSubsysRegs                     
0     000832a6  _AuxAuxClkSel                         
0     00083290  _AuxIntOsc2Sel                        
0     0008329a  _AuxXtalOscSel                        
0     00082670  _CANA0_ISR                            
0     0008267a  _CANA1_ISR                            
0     00082684  _CANB0_ISR                            
0     0008268e  _CANB1_ISR                            
0     000826e8  _CLA1_1_ISR                           
0     000826f2  _CLA1_2_ISR                           
0     000826fc  _CLA1_3_ISR                           
0     00082706  _CLA1_4_ISR                           
0     00082710  _CLA1_5_ISR                           
0     0008271a  _CLA1_6_ISR                           
0     00082724  _CLA1_7_ISR                           
0     0008272e  _CLA1_8_ISR                           
0     000828b4  _CLA_OVERFLOW_ISR                     
0     000828be  _CLA_UNDERFLOW_ISR                    
0     0008391a  _CPU02toCPU01IPC0IntHandler           
0     00083a9d  _CalAdcINL                            
1     00001400  _Cla1Regs                             
0     00000ce0  _Cla1SoftIntRegs                      
1     0005d200  _ClkCfgRegs                           
1     00005c80  _Cmpss1Regs                           
1     00005ca0  _Cmpss2Regs                           
1     00005cc0  _Cmpss3Regs                           
1     00005ce0  _Cmpss4Regs                           
1     00005d00  _Cmpss5Regs                           
1     00005d20  _Cmpss6Regs                           
1     00005d40  _Cmpss7Regs                           
1     00005d60  _Cmpss8Regs                           
0     00084013  _ConfigCpuTimer                       
1     0005d300  _CpuSysRegs                           
1     000142a8  _CpuTimer0                            
1     00000c00  _CpuTimer0Regs                        
1     000142b0  _CpuTimer1                            
1     00000c08  _CpuTimer1Regs                        
1     000142b8  _CpuTimer2                            
1     00000c10  _CpuTimer2Regs                        
0     0008324f  _CsmUnlock                            
0     00082378  _DATALOG_ISR                          
1     000148b2  _DIN1                                 
1     000148b4  _DIN2                                 
1     000148b6  _DIN3                                 
0     000825bc  _DMA_CH1_ISR                          
0     000825c6  _DMA_CH2_ISR                          
0     000825d0  _DMA_CH3_ISR                          
0     000825da  _DMA_CH4_ISR                          
0     000825e4  _DMA_CH5_ISR                          
0     000825ee  _DMA_CH6_ISR                          
1     00005c00  _DacaRegs                             
1     00005c10  _DacbRegs                             
1     00005c20  _DaccRegs                             
1     0005f070  _DcsmCommonRegs                       
1     00078000  _DcsmZ1Otp                            
1     0005f000  _DcsmZ1Regs                           
1     00078200  _DcsmZ2Otp                            
1     0005f040  _DcsmZ2Regs                           
0     00083030  _DelayLoop                            
1     0005d000  _DevCfgRegs                           
0     0008312b  _DisableDog                           
0     000830ec  _DisablePeripheralClocks              
1     00007980  _DmaClaSrcSelRegs                     
1     00001000  _DmaRegs                              
1     00013e00  _Droop_B                              
1     00014000  _Droop_DW                             
0     00084840  _Droop_M                              
0     00080b02  _Droop_MovingAverage1                 
0     00080a7f  _Droop_MovingAverage1_Init            
0     00080ad9  _Droop_MovingAverage1_Reset           
0     00080bf4  _Droop_MovingAverage1_Term            
1     000142c0  _Droop_P                              
0     00080a43  _Droop_SetEventsForThisBaseStep       
0     00080c15  _Droop_abcdq                          
0     00081eca  _Droop_initialize                     
0     00081524  _Droop_step0                          
0     00081527  _Droop_step1                          
0     000815bc  _Droop_step2                          
0     000815f7  _Droop_step3                          
0     00082357  _Droop_terminate                      
0     00082512  _ECAP1_ISR                            
0     0008251c  _ECAP2_ISR                            
0     00082526  _ECAP3_ISR                            
0     00082530  _ECAP4_ISR                            
0     0008253a  _ECAP5_ISR                            
0     00082544  _ECAP6_ISR                            
1     00005000  _ECap1Regs                            
1     00005020  _ECap2Regs                            
1     00005040  _ECap3Regs                            
1     00005060  _ECap4Regs                            
1     00005080  _ECap5Regs                            
1     000050a0  _ECap6Regs                            
0     00082878  _EMIF_ERROR_ISR                       
0     000828d2  _EMPTY_ISR                            
0     0008238c  _EMU_ISR                              
0     000827ce  _EPWM10_ISR                           
0     000827a6  _EPWM10_TZ_ISR                        
0     000827d8  _EPWM11_ISR                           
0     000827b0  _EPWM11_TZ_ISR                        
0     000827e2  _EPWM12_ISR                           
0     000827ba  _EPWM12_TZ_ISR                        
0     000824c2  _EPWM1_ISR                            
0     00082472  _EPWM1_TZ_ISR                         
0     000824cc  _EPWM2_ISR                            
0     0008247c  _EPWM2_TZ_ISR                         
0     000824d6  _EPWM3_ISR                            
0     00082486  _EPWM3_TZ_ISR                         
0     000824e0  _EPWM4_ISR                            
0     00082490  _EPWM4_TZ_ISR                         
0     000824ea  _EPWM5_ISR                            
0     0008249a  _EPWM5_TZ_ISR                         
0     000824f4  _EPWM6_ISR                            
0     000824a4  _EPWM6_TZ_ISR                         
0     000824fe  _EPWM7_ISR                            
0     000824ae  _EPWM7_TZ_ISR                         
0     00082508  _EPWM8_ISR                            
0     000824b8  _EPWM8_TZ_ISR                         
0     000827c4  _EPWM9_ISR                            
0     0008279c  _EPWM9_TZ_ISR                         
1     00004900  _EPwm10Regs                           
1     00004a00  _EPwm11Regs                           
1     00004b00  _EPwm12Regs                           
1     00004000  _EPwm1Regs                            
1     00004100  _EPwm2Regs                            
1     00004200  _EPwm3Regs                            
1     00004300  _EPwm4Regs                            
1     00004400  _EPwm5Regs                            
1     00004500  _EPwm6Regs                            
1     00004600  _EPwm7Regs                            
1     00004700  _EPwm8Regs                            
1     00004800  _EPwm9Regs                            
1     00007a00  _EPwmXbarRegs                         
0     0008254e  _EQEP1_ISR                            
0     00082558  _EQEP2_ISR                            
0     00082562  _EQEP3_ISR                            
1     00005100  _EQep1Regs                            
1     00005140  _EQep2Regs                            
1     00005180  _EQep3Regs                            
1     0005f480  _Emif1ConfigRegs                      
1     00047000  _Emif1Regs                            
1     0005f4a0  _Emif2ConfigRegs                      
1     00047800  _Emif2Regs                            
1     00000d01  _EmuBMode                             
1     00000d00  _EmuKey                               
0     00084281  _EnableInterrupts                     
1     00014898  _ErrorFlag                            
0     00008037  _F28x_usDelay                         
0     0008288c  _FLASH_CORRECTABLE_ERROR_ISR          
0     00082760  _FPU_OVERFLOW_ISR                     
0     0008276a  _FPU_UNDERFLOW_ISR                    
1     0005f800  _Flash0CtrlRegs                       
1     0005fb00  _Flash0EccRegs                        
0     00008029  _FlashOff                             
1     00050024  _FlashPumpSemaphoreRegs               
0     000834f3  _GPIO_EnableUnbondedIOPullups         
0     000834ce  _GPIO_EnableUnbondedIOPullupsFor100Pin
0     000834b5  _GPIO_EnableUnbondedIOPullupsFor176Pin
0     00083509  _GPIO_ReadPin                         
0     0008345a  _GPIO_SetupLock                       
0     0008333a  _GPIO_SetupPinMux                     
0     000833c6  _GPIO_SetupPinOptions                 
0     00083483  _GPIO_SetupXINT1Gpio                  
0     0008348d  _GPIO_SetupXINT2Gpio                  
0     00083497  _GPIO_SetupXINT3Gpio                  
0     000834a1  _GPIO_SetupXINT4Gpio                  
0     000834ab  _GPIO_SetupXINT5Gpio                  
0     00083520  _GPIO_WritePin                        
1     000148bc  _GPIO_oneTimeInit                     
1     00007c00  _GpioCtrlRegs                         
1     00007f00  _GpioDataRegs                         
0     000832c4  _HALT                                 
0     000832dd  _HIB                                  
0     00082602  _I2CA_FIFO_ISR                        
0     000825f8  _I2CA_ISR                             
0     00082616  _I2CB_FIFO_ISR                        
0     0008260c  _I2CB_ISR                             
1     00007300  _I2caRegs                             
1     00007340  _I2cbRegs                             
0     000832b0  _IDLE                                 
0     000823a0  _ILLEGAL_ISR                          
0     00082774  _IPC0_ISR                             
0     0008277e  _IPC1_ISR                             
0     00082788  _IPC2_ISR                             
0     00082792  _IPC3_ISR                             
0     00082c56  _IPCInit                              
0     00082db5  _IPCLiteLtoRClearBits                 
0     00082de3  _IPCLiteLtoRClearBits_Protected       
0     00082d32  _IPCLiteLtoRDataRead                  
0     00082e11  _IPCLiteLtoRDataWrite                 
0     00082e3a  _IPCLiteLtoRDataWrite_Protected       
0     00082e63  _IPCLiteLtoRFunctionCall              
0     00082d17  _IPCLiteLtoRGetResult                 
0     00082d59  _IPCLiteLtoRSetBits                   
0     00082d87  _IPCLiteLtoRSetBits_Protected         
0     00082e83  _IPCLiteReqMemAccess                  
0     00082f3c  _IPCLiteRtoLClearBits                 
0     00082f71  _IPCLiteRtoLClearBits_Protected       
0     00082ea7  _IPCLiteRtoLDataRead                  
0     00082fa9  _IPCLiteRtoLDataWrite                 
0     00082fdb  _IPCLiteRtoLDataWrite_Protected       
0     00083010  _IPCLiteRtoLFunctionCall              
0     00082ed3  _IPCLiteRtoLSetBits                   
0     00082f06  _IPCLiteRtoLSetBits_Protected         
1     00014538  _I_inv                                
0     000837ca  _InitAdcA                             
0     000837e7  _InitAdcB                             
0     00083804  _InitAdcD                             
0     000831bd  _InitAuxPll                           
0     00083fd2  _InitCpuTimers                        
0     00008000  _InitFlash                            
0     000832fa  _InitGpio                             
0     00083068  _InitPeripheralClocks                 
0     00084262  _InitPieCtrl                          
0     0008428a  _InitPieVectTable                     
0     00083037  _InitSysCtrl                          
0     00083139  _InitSysPll                           
1     00007900  _InputXbarRegs                        
1     00014700  _IpcGSlocation1                       
1     00014740  _IpcGSlocation2                       
1     00050000  _IpcRegs                              
1     000148af  _IsrOverrun                           
0     00082594  _MCBSPA_RX_ISR                        
0     0008259e  _MCBSPA_TX_ISR                        
0     000825a8  _MCBSPB_RX_ISR                        
0     000825b2  _MCBSPB_TX_ISR                        
1     0003fd20  _MW_GetReadIndexes                    
0     0003f900  _MW_GetWriteIndexes                   
1     0003fc00  _MW_IPCCPU1toCPU2Buffers              
0     0003f800  _MW_IPCCPU2toCPU1Buffers              
0     00082be0  _MW_IPC_Read_GSRAM                    
0     00082b2f  _MW_IPC_Receive                       
0     00082a74  _MW_IPC_StatusCheck                   
0     000828e9  _MW_IPC_Transmit                      
0     000829cf  _MW_IPC_Write_GSRAM                   
1     000148bd  _MW_InterruptDisableLock              
0     0003f920  _MW_PutReadIndexes                    
1     0003fd00  _MW_PutWriteIndexes                   
1     0003fd80  _MW_READFLAGBUFF1                     
1     0003fda0  _MW_READFLAGBUFF2                     
0     0003f980  _MW_READSTATUSBUFF1                   
0     0003f9a0  _MW_READSTATUSBUFF2                   
1     0003fd40  _MW_WRITEFLAGBUFF1                    
1     0003fd60  _MW_WRITEFLAGBUFF2                    
0     0003f940  _MW_WRITESTATUSBUFF1                  
0     0003f960  _MW_WRITESTATUSBUFF2                  
1     00013dc5  _MW_adcAInitFlag                      
1     00013dc3  _MW_adcBInitFlag                      
1     00013dc4  _MW_adcDInitFlag                      
1     00006000  _McbspaRegs                           
1     00006040  _McbspbRegs                           
1     0005f400  _MemCfgRegs                           
1     0005f500  _MemoryErrorRegs                      
0     00082396  _NMI_ISR                              
0     000828df  _NOTUSED_ISR                          
1     00007060  _NmiIntruptRegs                       
1     00013dd6  _Op_St1                               
1     00007a80  _OutputXbarRegs                       
0     000828c8  _PIE_RESERVED_ISR                     
1     00000ce0  _PieCtrlRegs                          
1     00000d00  _PieVectTable                         
0     00084678  _PieVectTableInit                     
1     00013dcc  _Pmeas                                
1     00013dd2  _Qmeas                                
0     00082896  _RAM_ACCESS_VIOLATION_ISR             
0     00082882  _RAM_CORRECTABLE_ERROR_ISR            
0     00082382  _RTOS_ISR                             
0     00084373  _RamfuncsLoadEnd                      
abs   0000003b  _RamfuncsLoadSize                     
0     00084338  _RamfuncsLoadStart                    
0     0000803b  _RamfuncsRunEnd                       
abs   0000003b  _RamfuncsRunSize                      
0     00008000  _RamfuncsRunStart                     
1     00013dc2  _Rec_Status                           
1     00013dc1  _Rec_Status_B                         
0     00083113  _ReleaseFlashPump                     
1     0005e608  _RomPrefetchRegs                      
1     0005f540  _RomWaitStateRegs                     
0     00082648  _SCIA_RX_ISR                          
0     00082652  _SCIA_TX_ISR                          
0     0008265c  _SCIB_RX_ISR                          
0     00082666  _SCIB_TX_ISR                          
0     00083df1  _SCIC_RX_INT_isr                      
0     00082620  _SCIC_RX_ISR                          
0     0008262a  _SCIC_TX_ISR                          
0     00082634  _SCID_RX_ISR                          
0     0008263e  _SCID_TX_ISR                          
1     00014780  _SCI_Row_Rec                          
1     000147c0  _SCI_Row_Rec_B                        
1     00014800  _SCI_T                                
1     00014840  _SCI_T_B                              
0     000827ec  _SD1_ISR                              
0     000827f6  _SD2_ISR                              
0     0008256c  _SPIA_RX_ISR                          
0     00082576  _SPIA_TX_ISR                          
0     00082580  _SPIB_RX_ISR                          
0     0008258a  _SPIB_TX_ISR                          
0     00082800  _SPIC_RX_ISR                          
0     0008280a  _SPIC_TX_ISR                          
0     000832b9  _STANDBY                              
0     000828a0  _SYS_PLL_SLIP_ISR                     
1     00007200  _SciaRegs                             
1     00007210  _ScibRegs                             
1     00007220  _ScicRegs                             
1     00007230  _ScidRegs                             
1     00005e00  _Sdfm1Regs                            
1     00005e80  _Sdfm2Regs                            
0     00083104  _SeizeFlashPump                       
0     0008311d  _ServiceDog                           
1     00006100  _SpiaRegs                             
1     00006110  _SpibRegs                             
1     00006120  _SpicRegs                             
1     00007940  _SyncSocRegs                          
0     00083270  _SysIntOsc1Sel                        
0     0008327a  _SysIntOsc2Sel                        
0     00083284  _SysXtalOscSel                        
0     0008245e  _TIMER0_ISR                           
0     00082364  _TIMER1_ISR                           
0     0008236e  _TIMER2_ISR                           
0     00084155  _TINT0_isr                            
0     00082814  _UPPA_ISR                             
0     0008281e  _USBA_ISR                             
0     00082404  _USER10_ISR                           
0     0008240e  _USER11_ISR                           
0     00082418  _USER12_ISR                           
0     000823aa  _USER1_ISR                            
0     000823b4  _USER2_ISR                            
0     000823be  _USER3_ISR                            
0     000823c8  _USER4_ISR                            
0     000823d2  _USER5_ISR                            
0     000823dc  _USER6_ISR                            
0     000823e6  _USER7_ISR                            
0     000823f0  _USER8_ISR                            
0     000823fa  _USER9_ISR                            
1     00006200  _UppRegs                              
0     00082756  _VCU_ISR                              
1     0001488c  _V_filter                             
1     00014892  _V_inv                                
1     00013dc8  _Vdc_meas                             
1     00013dd0  _Vmag                                 
0     00082468  _WAKE_ISR                             
1     00007000  _WdRegs                               
0     00082440  _XINT1_ISR                            
0     0008244a  _XINT2_ISR                            
0     00082738  _XINT3_ISR                            
0     00082742  _XINT4_ISR                            
0     0008274c  _XINT5_ISR                            
1     00007920  _XbarRegs                             
1     00007070  _XintRegs                             
1     00000322  __STACK_END                           
abs   00000200  __STACK_SIZE                          
1     000148a0  ___TI_cleanup_ptr                     
1     000148a2  ___TI_dtors_ptr                       
1     0001489e  ___TI_enable_exit_profile_output      
abs   ffffffff  ___TI_pprof_out_hndl                  
abs   ffffffff  ___TI_prof_data_size                  
abs   ffffffff  ___TI_prof_data_start                 
abs   ffffffff  ___binit__                            
abs   ffffffff  ___c_args__                           
0     00084374  ___cinit__                            
0     00084336  ___etext__                            
abs   ffffffff  ___pinit__                            
0     00080004  ___text__                             
0     000842f1  __args_main                           
1     000148b8  __lock                                
0     00084323  __nop                                 
0     0008431f  __register_lock                       
0     0008431b  __register_unlock                     
1     00000122  __stack                               
0     00084335  __system_post_cinit                   
0     00084333  __system_pre_init                     
1     000148ba  __unlock                              
0     00084239  _abort                                
0     000838a1  _byteswap_L8cmp                       
0     0008353e  _c2000_flash_init                     
0     000840ff  _c_int00                              
0     000840a7  _ceil                                 
0     000840a7  _ceilf                                
0     000836ca  _config_ADCA_SOC0                     
0     000836ed  _config_ADCA_SOC1                     
0     0008370d  _config_ADCA_SOC2                     
0     0008372d  _config_ADCB_SOC0                     
0     0008374a  _config_ADCD_SOC0                     
0     00083767  _config_ADCD_SOC1                     
0     00083788  _config_ADCD_SOC2                     
0     000837a8  _config_ADCD_SOC3                     
0     000841dd  _config_ePWM_GPIO                     
0     00083f51  _configureGPIOExtInterrupt            
0     00083f53  _configureTimer0                      
0     000842b0  _copy_in                              
0     00083faf  _disableTimer0Interrupt               
0     00083ecd  _disableWatchdog                      
0     00083f52  _enableExtInterrupt                   
0     00083fa5  _enableTimer0Interrupt                
0     00083ed8  _enable_interrupts                    
0     0008423b  _exit                                 
1     00013dd8  _flag_Syn_v                           
1     00013dda  _flag_Syn_w                           
1     00013dca  _flag_sec1                            
0     0008404e  _floor                                
0     0008404e  _floorf                               
0     00083ba9  _fmod                                 
0     00083ba9  _fmodf                                
0     00084312  _globalInterruptDisable               
0     0008430a  _globalInterruptEnable                
1     00013dce  _ini_flag1                            
0     0008354d  _initSetGPIOIPC                       
0     00083ef6  _init_SCI                             
0     00083f31  _init_SCI_GPIO                        
0     00083c78  _init_board                           
1     000148ae  _isInitialized                        
1     000148a4  _isRateRunning                        
0     00080023  _isr_int1pie1_task_fcn                
0     00080990  _isr_int8pie5_task_fcn                
1     00013dc0  _j                                    
0     00083b5e  _main                                 
1     0000e000  _matrix_I_inv                         
1     0000ff40  _matrix_V_filter                      
1     00011e80  _matrix_V_inv                         
0     000842d4  _memcpy                               
0     0008432c  _memset                               
1     0000e000  _mwCMIpcControllerTx                  
1     0000c000  _mwChannel2Buff1                      
1     0000c040  _mwChannel2Buff2                      
1     0001489c  _mwInitEnd                            
1     0001489a  _mwInitStart                          
1     00014540  _mwIpcControllerTx                    
1     000148a8  _need2runFlags                        
0     00083fc7  _restoreTimer0Interrupt               
0     00084199  _rtGetInf                             
0     000841b2  _rtGetInfF                            
0     000841bb  _rtGetMinusInf                        
0     000841d4  _rtGetMinusInfF                       
0     0008420f  _rtGetNaN                             
0     00084228  _rtGetNaNF                            
1     00014880  _rtInf                                
1     00014886  _rtInfF                               
0     00083d50  _rtIsInf                              
0     00083d68  _rtIsInfF                             
0     00083d80  _rtIsNaN                              
0     00083da3  _rtIsNaNF                             
1     00014882  _rtMinusInf                           
1     00014888  _rtMinusInfF                          
1     00014884  _rtNaN                                
1     0001488a  _rtNaNF                               
0     00083d28  _rt_InitInfAndNaN                     
0     00083ad7  _rt_OneStep                           
0     00080c8e  _rt_roundd_snf                        
1     000148b1  _runModel                             
0     00083821  _scic_rcv                             
0     000838d4  _scic_xmit                            
0     000835cb  _setGPIOForCPU2                       
0     0008361e  _setInXBARForCPU2                     
0     00083687  _setOutXBARForCPU2                    
1     000148b0  _stopRequested                        
1     000148ad  _tempChNum_read                       
1     000148ac  _tempChNum_write                      
1     00013dd4  _theta1                               
1     00013dc6  _w_set_sec                            
abs   ffffffff  binit                                 
0     00084374  cinit                                 
0     00080000  code_start                            
0     00084336  etext                                 
abs   ffffffff  pinit                                 


GLOBAL SYMBOLS: SORTED BY Symbol Address 

page  address   name                                  
----  -------   ----                                  
0     00000ce0  _Cla1SoftIntRegs                      
0     00008000  _InitFlash                            
0     00008000  _RamfuncsRunStart                     
0     00008029  _FlashOff                             
0     00008037  _F28x_usDelay                         
0     0000803b  _RamfuncsRunEnd                       
0     0003f800  _MW_IPCCPU2toCPU1Buffers              
0     0003f900  _MW_GetWriteIndexes                   
0     0003f920  _MW_PutReadIndexes                    
0     0003f940  _MW_WRITESTATUSBUFF1                  
0     0003f960  _MW_WRITESTATUSBUFF2                  
0     0003f980  _MW_READSTATUSBUFF1                   
0     0003f9a0  _MW_READSTATUSBUFF2                   
0     00080000  code_start                            
0     00080004  .text                                 
0     00080004  ___text__                             
0     00080023  _isr_int1pie1_task_fcn                
0     00080990  _isr_int8pie5_task_fcn                
0     00080a43  _Droop_SetEventsForThisBaseStep       
0     00080a7f  _Droop_MovingAverage1_Init            
0     00080ad9  _Droop_MovingAverage1_Reset           
0     00080b02  _Droop_MovingAverage1                 
0     00080bf4  _Droop_MovingAverage1_Term            
0     00080c15  _Droop_abcdq                          
0     00080c8e  _rt_roundd_snf                        
0     00081524  _Droop_step0                          
0     00081527  _Droop_step1                          
0     000815bc  _Droop_step2                          
0     000815f7  _Droop_step3                          
0     00081eca  _Droop_initialize                     
0     00082357  _Droop_terminate                      
0     00082364  _TIMER1_ISR                           
0     0008236e  _TIMER2_ISR                           
0     00082378  _DATALOG_ISR                          
0     00082382  _RTOS_ISR                             
0     0008238c  _EMU_ISR                              
0     00082396  _NMI_ISR                              
0     000823a0  _ILLEGAL_ISR                          
0     000823aa  _USER1_ISR                            
0     000823b4  _USER2_ISR                            
0     000823be  _USER3_ISR                            
0     000823c8  _USER4_ISR                            
0     000823d2  _USER5_ISR                            
0     000823dc  _USER6_ISR                            
0     000823e6  _USER7_ISR                            
0     000823f0  _USER8_ISR                            
0     000823fa  _USER9_ISR                            
0     00082404  _USER10_ISR                           
0     0008240e  _USER11_ISR                           
0     00082418  _USER12_ISR                           
0     00082422  _ADCA1_ISR                            
0     0008242c  _ADCB1_ISR                            
0     00082436  _ADCC1_ISR                            
0     00082440  _XINT1_ISR                            
0     0008244a  _XINT2_ISR                            
0     00082454  _ADCD1_ISR                            
0     0008245e  _TIMER0_ISR                           
0     00082468  _WAKE_ISR                             
0     00082472  _EPWM1_TZ_ISR                         
0     0008247c  _EPWM2_TZ_ISR                         
0     00082486  _EPWM3_TZ_ISR                         
0     00082490  _EPWM4_TZ_ISR                         
0     0008249a  _EPWM5_TZ_ISR                         
0     000824a4  _EPWM6_TZ_ISR                         
0     000824ae  _EPWM7_TZ_ISR                         
0     000824b8  _EPWM8_TZ_ISR                         
0     000824c2  _EPWM1_ISR                            
0     000824cc  _EPWM2_ISR                            
0     000824d6  _EPWM3_ISR                            
0     000824e0  _EPWM4_ISR                            
0     000824ea  _EPWM5_ISR                            
0     000824f4  _EPWM6_ISR                            
[...]
0     0008277e  _IPC1_ISR                             
0     00082788  _IPC2_ISR                             
0     00082792  _IPC3_ISR                             
0     0008279c  _EPWM9_TZ_ISR                         
0     000827a6  _EPWM10_TZ_ISR                        
0     000827b0  _EPWM11_TZ_ISR                        
0     000827ba  _EPWM12_TZ_ISR                        
0     000827c4  _EPWM9_ISR                            
0     000827ce  _EPWM10_ISR                           
0     000827d8  _EPWM11_ISR                           
0     000827e2  _EPWM12_ISR                           
0     000827ec  _SD1_ISR                              
0     000827f6  _SD2_ISR                              
0     00082800  _SPIC_RX_ISR                          
0     0008280a  _SPIC_TX_ISR                          
0     00082814  _UPPA_ISR                             
0     0008281e  _USBA_ISR                             
0     00082828  _ADCC_EVT_ISR                         
0     00082832  _ADCC2_ISR                            
0     0008283c  _ADCC3_ISR                            
0     00082846  _ADCC4_ISR                            
0     00082850  _ADCD_EVT_ISR                         
0     0008285a  _ADCD2_ISR                            
0     00082864  _ADCD3_ISR                            
0     0008286e  _ADCD4_ISR                            
0     00082878  _EMIF_ERROR_ISR                       
0     00082882  _RAM_CORRECTABLE_ERROR_ISR            
0     0008288c  _FLASH_CORRECTABLE_ERROR_ISR          
0     00082896  _RAM_ACCESS_VIOLATION_ISR             
0     000828a0  _SYS_PLL_SLIP_ISR                     
0     000828aa  _AUX_PLL_SLIP_ISR                     
0     000828b4  _CLA_OVERFLOW_ISR                     
0     000828be  _CLA_UNDERFLOW_ISR                    
0     000828c8  _PIE_RESERVED_ISR                     
0     000828d2  _EMPTY_ISR                            
0     000828df  _NOTUSED_ISR                          
0     000828e9  _MW_IPC_Transmit                      
0     000829cf  _MW_IPC_Write_GSRAM                   
0     00082a74  _MW_IPC_StatusCheck                   
0     00082b2f  _MW_IPC_Receive                       
0     00082be0  _MW_IPC_Read_GSRAM                    
0     00082c56  _IPCInit                              
0     00082d17  _IPCLiteLtoRGetResult                 
0     00082d32  _IPCLiteLtoRDataRead                  
0     00082d59  _IPCLiteLtoRSetBits                   
0     00082d87  _IPCLiteLtoRSetBits_Protected         
0     00082db5  _IPCLiteLtoRClearBits                 
0     00082de3  _IPCLiteLtoRClearBits_Protected       
0     00082e11  _IPCLiteLtoRDataWrite                 
0     00082e3a  _IPCLiteLtoRDataWrite_Protected       
0     00082e63  _IPCLiteLtoRFunctionCall              
0     00082e83  _IPCLiteReqMemAccess                  
0     00082ea7  _IPCLiteRtoLDataRead                  
0     00082ed3  _IPCLiteRtoLSetBits                   
0     00082f06  _IPCLiteRtoLSetBits_Protected         
0     00082f3c  _IPCLiteRtoLClearBits                 
0     00082f71  _IPCLiteRtoLClearBits_Protected       
0     00082fa9  _IPCLiteRtoLDataWrite                 
0     00082fdb  _IPCLiteRtoLDataWrite_Protected       
0     00083010  _IPCLiteRtoLFunctionCall              
0     00083030  _DelayLoop                            
0     00083037  _InitSysCtrl                          
0     00083068  _InitPeripheralClocks                 
0     000830ec  _DisablePeripheralClocks              
0     00083104  _SeizeFlashPump                       
0     00083113  _ReleaseFlashPump                     
0     0008311d  _ServiceDog                           
0     0008312b  _DisableDog                           
0     00083139  _InitSysPll                           
0     000831bd  _InitAuxPll                           
0     0008324f  _CsmUnlock                            
0     00083270  _SysIntOsc1Sel                        
0     0008327a  _SysIntOsc2Sel                        
0     00083284  _SysXtalOscSel                        
0     00083290  _AuxIntOsc2Sel                        
0     0008329a  _AuxXtalOscSel                        
0     000832a6  _AuxAuxClkSel                         
0     000832b0  _IDLE                                 
0     000832b9  _STANDBY                              
0     000832c4  _HALT                                 
0     000832dd  _HIB                                  
0     000832fa  _InitGpio                             
0     0008333a  _GPIO_SetupPinMux                     
0     000833c6  _GPIO_SetupPinOptions                 
0     0008345a  _GPIO_SetupLock                       
0     00083483  _GPIO_SetupXINT1Gpio                  
0     0008348d  _GPIO_SetupXINT2Gpio                  
0     00083497  _GPIO_SetupXINT3Gpio                  
0     000834a1  _GPIO_SetupXINT4Gpio                  
0     000834ab  _GPIO_SetupXINT5Gpio                  
0     000834b5  _GPIO_EnableUnbondedIOPullupsFor176Pin
0     000834ce  _GPIO_EnableUnbondedIOPullupsFor100Pin
0     000834f3  _GPIO_EnableUnbondedIOPullups         
0     00083509  _GPIO_ReadPin                         
0     00083520  _GPIO_WritePin                        
0     0008353e  _c2000_flash_init                     
0     0008354d  _initSetGPIOIPC                       
0     000835cb  _setGPIOForCPU2                       
0     0008361e  _setInXBARForCPU2                     
0     00083687  _setOutXBARForCPU2                    
0     000836ca  _config_ADCA_SOC0                     
0     000836ed  _config_ADCA_SOC1                     
0     0008370d  _config_ADCA_SOC2                     
0     0008372d  _config_ADCB_SOC0                     
0     0008374a  _config_ADCD_SOC0                     
0     00083767  _config_ADCD_SOC1                     
0     00083788  _config_ADCD_SOC2                     
0     000837a8  _config_ADCD_SOC3                     
0     000837ca  _InitAdcA                             
0     000837e7  _InitAdcB                             
0     00083804  _InitAdcD                             
0     00083821  _scic_rcv                             
0     000838a1  _byteswap_L8cmp                       
0     000838d4  _scic_xmit                            
0     0008391a  _CPU02toCPU01IPC0IntHandler           
0     000839fa  _AdcSetMode                           
0     00083a9d  _CalAdcINL                            
0     00083ad7  _rt_OneStep                           
0     00083b5e  _main                                 
0     00083ba9  _fmod                                 
0     00083ba9  _fmodf                                
0     00083c78  _init_board                           
0     00083d28  _rt_InitInfAndNaN                     
0     00083d50  _rtIsInf                              
0     00083d68  _rtIsInfF                             
0     00083d80  _rtIsNaN                              
0     00083da3  _rtIsNaNF                             
0     00083dba  _ADCA1_INT_isr                        
0     00083df1  _SCIC_RX_INT_isr                      
0     00083e45  FS$$DIV                               
0     00083ecd  _disableWatchdog                      
0     00083ed8  _enable_interrupts                    
0     00083ef6  _init_SCI                             
0     00083f31  _init_SCI_GPIO                        
0     00083f51  _configureGPIOExtInterrupt            
0     00083f52  _enableExtInterrupt                   
0     00083f53  _configureTimer0                      
0     00083fa5  _enableTimer0Interrupt                
0     00083faf  _disableTimer0Interrupt               
0     00083fc7  _restoreTimer0Interrupt               
0     00083fd2  _InitCpuTimers                        
0     00084013  _ConfigCpuTimer                       
0     0008404e  _floor                                
0     0008404e  _floorf                               
0     000840a7  _ceil                                 
0     000840a7  _ceilf                                
0     000840ff  _c_int00                              
0     00084155  _TINT0_isr                            
0     00084199  _rtGetInf                             
0     000841b2  _rtGetInfF                            
0     000841bb  _rtGetMinusInf                        
0     000841d4  _rtGetMinusInfF                       
0     000841dd  _config_ePWM_GPIO                     
0     0008420f  _rtGetNaN                             
0     00084228  _rtGetNaNF                            
0     00084239  C$$EXIT                               
0     00084239  _abort                                
0     0008423b  _exit                                 
0     00084262  _InitPieCtrl                          
0     00084281  _EnableInterrupts                     
0     0008428a  _InitPieVectTable                     
0     000842b0  _copy_in                              
0     000842d4  _memcpy                               
0     000842f1  __args_main                           
0     0008430a  _globalInterruptEnable                
0     00084312  _globalInterruptDisable               
0     0008431b  __register_unlock                     
0     0008431f  __register_lock                       
0     00084323  __nop                                 
0     0008432c  _memset                               
0     00084333  __system_pre_init                     
0     00084335  __system_post_cinit                   
0     00084336  ___etext__                            
0     00084336  etext                                 
0     00084338  _RamfuncsLoadStart                    
0     00084373  _RamfuncsLoadEnd                      
0     00084374  ___cinit__                            
0     00084374  cinit                                 
0     00084678  _PieVectTableInit                     
0     00084840  _Droop_M                              
1     00000122  __stack                               
1     00000322  __STACK_END                           
1     00000b00  _AdcaResultRegs                       
1     00000b20  _AdcbResultRegs                       
1     00000b40  _AdccResultRegs                       
1     00000b60  _AdcdResultRegs                       
1     00000c00  _CpuTimer0Regs                        
1     00000c08  _CpuTimer1Regs                        
1     00000c10  _CpuTimer2Regs                        
1     00000ce0  _PieCtrlRegs                          
1     00000d00  _EmuKey                               
1     00000d00  _PieVectTable                         
1     00000d01  _EmuBMode                             
1     00001000  _DmaRegs                              
1     00001400  _Cla1Regs                             
1     00004000  _EPwm1Regs                            
1     00004100  _EPwm2Regs                            
1     00004200  _EPwm3Regs                            
1     00004300  _EPwm4Regs                            
1     00004400  _EPwm5Regs                            
1     00004500  _EPwm6Regs                            
1     00004600  _EPwm7Regs                            
1     00004700  _EPwm8Regs                            
1     00004800  _EPwm9Regs                            
1     00004900  _EPwm10Regs                           
1     00004a00  _EPwm11Regs                           
1     00004b00  _EPwm12Regs                           
1     00005000  _ECap1Regs                            
1     00005020  _ECap2Regs                            
1     00005040  _ECap3Regs                            
1     00005060  _ECap4Regs                            
1     00005080  _ECap5Regs                            
1     000050a0  _ECap6Regs                            
1     00005100  _EQep1Regs                            
1     00005140  _EQep2Regs                            
1     00005180  _EQep3Regs                            
1     00005c00  _DacaRegs                             
1     00005c10  _DacbRegs                             
1     00005c20  _DaccRegs                             
1     00005c80  _Cmpss1Regs                           
1     00005ca0  _Cmpss2Regs                           
1     00005cc0  _Cmpss3Regs                           
1     00005ce0  _Cmpss4Regs                           
1     00005d00  _Cmpss5Regs                           
1     00005d20  _Cmpss6Regs                           
1     00005d40  _Cmpss7Regs                           
1     00005d60  _Cmpss8Regs                           
1     00005e00  _Sdfm1Regs                            
1     00005e80  _Sdfm2Regs                            
1     00006000  _McbspaRegs                           
1     00006040  _McbspbRegs                           
1     00006100  _SpiaRegs                             
1     00006110  _SpibRegs                             
1     00006120  _SpicRegs                             
1     00006200  _UppRegs                              
1     00007000  _WdRegs                               
1     00007060  _NmiIntruptRegs                       
1     00007070  _XintRegs                             
1     00007200  _SciaRegs                             
1     00007210  _ScibRegs                             
1     00007220  _ScicRegs                             
1     00007230  _ScidRegs                             
1     00007300  _I2caRegs                             
1     00007340  _I2cbRegs                             
1     00007400  _AdcaRegs                             
1     00007480  _AdcbRegs                             
1     00007500  _AdccRegs                             
1     00007580  _AdcdRegs                             
1     00007900  _InputXbarRegs                        
1     00007920  _XbarRegs                             
1     00007940  _SyncSocRegs                          
1     00007980  _DmaClaSrcSelRegs                     
1     00007a00  _EPwmXbarRegs                         
1     00007a80  _OutputXbarRegs                       
1     00007c00  _GpioCtrlRegs                         
1     00007f00  _GpioDataRegs                         
1     0000c000  _mwChannel2Buff1                      
1     0000c040  _mwChannel2Buff2                      
1     0000e000  _matrix_I_inv                         
1     0000e000  _mwCMIpcControllerTx                  
1     0000ff40  _matrix_V_filter                      
1     00011e80  _matrix_V_inv                         
1     00013dc0  _j                                    
1     00013dc1  _Rec_Status_B                         
1     00013dc2  _Rec_Status                           
1     00013dc3  _MW_adcBInitFlag                      
1     00013dc4  _MW_adcDInitFlag                      
1     00013dc5  _MW_adcAInitFlag                      
1     00013dc6  _w_set_sec                            
1     00013dc8  _Vdc_meas                             
1     00013dca  _flag_sec1                            
1     00013dcc  _Pmeas                                
1     00013dce  _ini_flag1                            
1     00013dd0  _Vmag                                 
1     00013dd2  _Qmeas                                
1     00013dd4  _theta1                               
1     00013dd6  _Op_St1                               
1     00013dd8  _flag_Syn_v                           
1     00013dda  _flag_Syn_w                           
1     00013e00  _Droop_B                              
1     00014000  _Droop_DW                             
1     000142a8  _CpuTimer0                            
1     000142b0  _CpuTimer1                            
1     000142b8  _CpuTimer2                            
1     000142c0  _Droop_P                              
1     00014538  _I_inv                                
1     0001453e  _ADC_val12                            
1     00014540  _mwIpcControllerTx                    
1     00014700  _IpcGSlocation1                       
1     00014740  _IpcGSlocation2                       
1     00014780  _SCI_Row_Rec                          
1     000147c0  _SCI_Row_Rec_B                        
1     00014800  _SCI_T                                
1     00014840  _SCI_T_B                              
1     00014880  _rtInf                                
1     00014882  _rtMinusInf                           
1     00014884  _rtNaN                                
1     00014886  _rtInfF                               
1     00014888  _rtMinusInfF                          
1     0001488a  _rtNaNF                               
1     0001488c  _V_filter                             
1     00014892  _V_inv                                
1     00014898  _ErrorFlag                            
1     0001489a  _mwInitStart                          
1     0001489c  _mwInitEnd                            
1     0001489e  ___TI_enable_exit_profile_output      
1     000148a0  ___TI_cleanup_ptr                     
1     000148a2  ___TI_dtors_ptr                       
1     000148a4  _isRateRunning                        
1     000148a8  _need2runFlags                        
1     000148ac  _tempChNum_write                      
1     000148ad  _tempChNum_read                       
1     000148ae  _isInitialized                        
1     000148af  _IsrOverrun                           
1     000148b0  _stopRequested                        
1     000148b1  _runModel                             
1     000148b2  _DIN1                                 
1     000148b4  _DIN2                                 
1     000148b6  _DIN3                                 
1     000148b8  __lock                                
1     000148ba  __unlock                              
1     000148bc  _GPIO_oneTimeInit                     
1     000148bd  _MW_InterruptDisableLock              
1     0003fc00  _MW_IPCCPU1toCPU2Buffers              
1     0003fd00  _MW_PutWriteIndexes                   
1     0003fd20  _MW_GetReadIndexes                    
1     0003fd40  _MW_WRITEFLAGBUFF1                    
1     0003fd60  _MW_WRITEFLAGBUFF2                    
1     0003fd80  _MW_READFLAGBUFF1                     
1     0003fda0  _MW_READFLAGBUFF2                     
1     00047000  _Emif1Regs                            
1     00047800  _Emif2Regs                            
1     00050000  _IpcRegs                              
1     00050024  _FlashPumpSemaphoreRegs               
1     0005d000  _DevCfgRegs                           
1     0005d180  _AnalogSubsysRegs                     
1     0005d200  _ClkCfgRegs                           
1     0005d300  _CpuSysRegs                           
1     0005e608  _RomPrefetchRegs                      
1     0005f000  _DcsmZ1Regs                           
1     0005f040  _DcsmZ2Regs                           
1     0005f070  _DcsmCommonRegs                       
1     0005f400  _MemCfgRegs                           
1     0005f480  _Emif1ConfigRegs                      
1     0005f4a0  _Emif2ConfigRegs                      
1     0005f4c0  _AccessProtectionRegs                 
1     0005f500  _MemoryErrorRegs                      
1     0005f540  _RomWaitStateRegs                     
1     0005f800  _Flash0CtrlRegs                       
1     0005fb00  _Flash0EccRegs                        
1     00078000  _DcsmZ1Otp                            
1     00078200  _DcsmZ2Otp                            
abs   0000003b  _RamfuncsLoadSize                     
abs   0000003b  _RamfuncsRunSize                      
abs   00000200  __STACK_SIZE                          
abs   ffffffff  ___TI_pprof_out_hndl                  
abs   ffffffff  ___TI_prof_data_size                  
abs   ffffffff  ___TI_prof_data_start                 
abs   ffffffff  ___binit__                            
abs   ffffffff  ___c_args__                           
abs   ffffffff  ___pinit__                            
abs   ffffffff  binit                                 
abs   ffffffff  pinit                                 

[499 symbols]
